<?xml version="1.0" encoding="utf-8"?><testsuites><testsuite name="pytest" errors="0" failures="0" skipped="0" tests="15" time="0.069" timestamp="2023-11-05T13:52:55.942353" hostname="admins-macbook-pro-2.home"><testcase classname="tests.unit.test_solutions" name="test_104" time="0.001" /><testcase classname="tests.unit.test_solutions" name="test_depth_first" time="0.001" /><testcase classname="tests.unit.test_solutions" name="test_depth_first_recursive" time="0.000" /><testcase classname="tests.unit.test_solutions" name="test_breadth_first" time="0.000" /><testcase classname="tests.unit.test_solutions" name="test_left_sim" time="0.000" /><testcase classname="tests.unit.test_solutions" name="test_has_path_req" time="0.000" /><testcase classname="tests.unit.test_solutions" name="test_has_no_path_req" time="0.000" /><testcase classname="tests.unit.test_solutions" name="test_has_path" time="0.000" /><testcase classname="tests.unit.test_solutions" name="test_has_no_path" time="0.000" /><testcase classname="tests.unit.test_solutions" name="test_count_good_nodes" time="0.000" /><testcase classname="tests.unit.test_solutions" name="test_graph_conv" time="0.000" /><testcase classname="tests.unit.test_solutions" name="test_is_und_path" time="0.000" /><testcase classname="tests.unit.test_solutions" name="test_no_is_und_path" time="0.000" /><testcase classname="tests.unit.test_solutions" name="test_path_sum_3" time="0.000" /><testcase classname="tests.unit.test_solutions" name="test_connected_comp" time="0.000" /></testsuite></testsuites>